  Geri y├╝klenecek projeler belirleniyor...
D:\vue\AkyildizSevkiyat\Akyildiz.Sevkiyat.Application\Akyildiz.Sevkiyat.Application.csproj : warning NU1510: PackageReference System.Text.Encoding.CodePages ay─▒klanmayacak. Bu paketi ba─ş─▒ml─▒l─▒klar─▒n─▒zdan kald─▒rmay─▒ d├╝┼ş├╝n├╝n, ├ğ├╝nk├╝ muhtemelen gereksizdir. [D:\vue\AkyildizSevkiyat\Akyildiz.Sevkiyat.sln]
  Geri y├╝kleme i├ğin t├╝m projeler g├╝ncel.
D:\vue\AkyildizSevkiyat\Akyildiz.Sevkiyat.Application\Akyildiz.Sevkiyat.Application.csproj : warning NU1510: PackageReference System.Text.Encoding.CodePages ay─▒klanmayacak. Bu paketi ba─ş─▒ml─▒l─▒klar─▒n─▒zdan kald─▒rmay─▒ d├╝┼ş├╝n├╝n, ├ğ├╝nk├╝ muhtemelen gereksizdir.
  Akyildiz.Sevkiyat.Domain -> D:\vue\AkyildizSevkiyat\Akyildiz.Sevkiyat.Domain\bin\Debug\net10.0\Akyildiz.Sevkiyat.Domain.dll
  Akyildiz.Sevkiyat.Application -> D:\vue\AkyildizSevkiyat\Akyildiz.Sevkiyat.Application\bin\Debug\net10.0\Akyildiz.Sevkiyat.Application.dll
  Akyildiz.Sevkiyat.Infrastructure -> D:\vue\AkyildizSevkiyat\Akyildiz.Sevkiyat.Infrastructure\bin\Debug\net10.0\Akyildiz.Sevkiyat.Infrastructure.dll
D:\vue\AkyildizSevkiyat\Akyildiz.Sevkiyat.WebApi\Controllers\ProjectsController.cs(4,54): error CS0234: 'GetAllProjects' t├╝r veya ad alan─▒ ad─▒ 'Akyildiz.Sevkiyat.Application.Projects.Queries' ad alan─▒nda yok (bir derleme ba┼şvurunuz mu eksik?) [D:\vue\AkyildizSevkiyat\Akyildiz.Sevkiyat.WebApi\Akyildiz.Sevkiyat.WebApi.csproj]
D:\vue\AkyildizSevkiyat\Akyildiz.Sevkiyat.WebApi\Controllers\ShipmentsController.cs(24,7): warning CS0105: 'Akyildiz.Sevkiyat.Application.Shipments.Commands.AssignVehicle' i├ğin using y├Ânergesi bu ad alan─▒nda daha ├Ânce g├Âr├╝nd├╝ [D:\vue\AkyildizSevkiyat\Akyildiz.Sevkiyat.WebApi\Akyildiz.Sevkiyat.WebApi.csproj]

Olu┼şturma BA┼ŞARISIZ OLDU.

D:\vue\AkyildizSevkiyat\Akyildiz.Sevkiyat.Application\Akyildiz.Sevkiyat.Application.csproj : warning NU1510: PackageReference System.Text.Encoding.CodePages ay─▒klanmayacak. Bu paketi ba─ş─▒ml─▒l─▒klar─▒n─▒zdan kald─▒rmay─▒ d├╝┼ş├╝n├╝n, ├ğ├╝nk├╝ muhtemelen gereksizdir. [D:\vue\AkyildizSevkiyat\Akyildiz.Sevkiyat.sln]
D:\vue\AkyildizSevkiyat\Akyildiz.Sevkiyat.Application\Akyildiz.Sevkiyat.Application.csproj : warning NU1510: PackageReference System.Text.Encoding.CodePages ay─▒klanmayacak. Bu paketi ba─ş─▒ml─▒l─▒klar─▒n─▒zdan kald─▒rmay─▒ d├╝┼ş├╝n├╝n, ├ğ├╝nk├╝ muhtemelen gereksizdir.
D:\vue\AkyildizSevkiyat\Akyildiz.Sevkiyat.WebApi\Controllers\ShipmentsController.cs(24,7): warning CS0105: 'Akyildiz.Sevkiyat.Application.Shipments.Commands.AssignVehicle' i├ğin using y├Ânergesi bu ad alan─▒nda daha ├Ânce g├Âr├╝nd├╝ [D:\vue\AkyildizSevkiyat\Akyildiz.Sevkiyat.WebApi\Akyildiz.Sevkiyat.WebApi.csproj]
D:\vue\AkyildizSevkiyat\Akyildiz.Sevkiyat.WebApi\Controllers\ProjectsController.cs(4,54): error CS0234: 'GetAllProjects' t├╝r veya ad alan─▒ ad─▒ 'Akyildiz.Sevkiyat.Application.Projects.Queries' ad alan─▒nda yok (bir derleme ba┼şvurunuz mu eksik?) [D:\vue\AkyildizSevkiyat\Akyildiz.Sevkiyat.WebApi\Akyildiz.Sevkiyat.WebApi.csproj]
    3 Uyar─▒
    1 Hata

Ge├ğen S├╝re 00:00:03.37
