  Geri yüklenecek projeler belirleniyor...
D:\vue\AkyildizSevkiyat\Akyildiz.Sevkiyat.Application\Akyildiz.Sevkiyat.Application.csproj : warning NU1510: PackageReference System.Text.Encoding.CodePages ayıklanmayacak. Bu paketi bağımlılıklarınızdan kaldırmayı düşünün, çünkü muhtemelen gereksizdir. [D:\vue\AkyildizSevkiyat\Akyildiz.Sevkiyat.WebApi\Akyildiz.Sevkiyat.WebApi.csproj]
  Geri yükleme için tüm projeler güncel.
D:\vue\AkyildizSevkiyat\Akyildiz.Sevkiyat.Application\Akyildiz.Sevkiyat.Application.csproj : warning NU1510: PackageReference System.Text.Encoding.CodePages ayıklanmayacak. Bu paketi bağımlılıklarınızdan kaldırmayı düşünün, çünkü muhtemelen gereksizdir.
  Akyildiz.Sevkiyat.Domain -> D:\vue\AkyildizSevkiyat\Akyildiz.Sevkiyat.Domain\bin\Debug\net10.0\Akyildiz.Sevkiyat.Domain.dll
  Akyildiz.Sevkiyat.Application -> D:\vue\AkyildizSevkiyat\Akyildiz.Sevkiyat.Application\bin\Debug\net10.0\Akyildiz.Sevkiyat.Application.dll
  Akyildiz.Sevkiyat.Infrastructure -> D:\vue\AkyildizSevkiyat\Akyildiz.Sevkiyat.Infrastructure\bin\Debug\net10.0\Akyildiz.Sevkiyat.Infrastructure.dll
C:\Program Files\dotnet\sdk\10.0.100\Microsoft.Common.CurrentVersion.targets(5080,5): warning MSB3026: "D:\vue\AkyildizSevkiyat\Akyildiz.Sevkiyat.Infrastructure\bin\Debug\net10.0\Akyildiz.Sevkiyat.Infrastructure.dll", "bin\Debug\net10.0\Akyildiz.Sevkiyat.Infrastructure.dll" üzerine kopyalanamadı. 1 numaralı yeniden denemeye 1000 ms içinde başlanacak. The process cannot access the file 'D:\vue\AkyildizSevkiyat\Akyildiz.Sevkiyat.WebApi\bin\Debug\net10.0\Akyildiz.Sevkiyat.Infrastructure.dll' because it is being used by another process. Dosya şunun tarafından kilitlendi: "Akyildiz.Sevkiyat.WebApi (4712)" [D:\vue\AkyildizSevkiyat\Akyildiz.Sevkiyat.WebApi\Akyildiz.Sevkiyat.WebApi.csproj]
C:\Program Files\dotnet\sdk\10.0.100\Microsoft.Common.CurrentVersion.targets(5080,5): warning MSB3026: "D:\vue\AkyildizSevkiyat\Akyildiz.Sevkiyat.Domain\bin\Debug\net10.0\Akyildiz.Sevkiyat.Domain.dll", "bin\Debug\net10.0\Akyildiz.Sevkiyat.Domain.dll" üzerine kopyalanamadı. 1 numaralı yeniden denemeye 1000 ms içinde başlanacak. The process cannot access the file 'D:\vue\AkyildizSevkiyat\Akyildiz.Sevkiyat.WebApi\bin\Debug\net10.0\Akyildiz.Sevkiyat.Domain.dll' because it is being used by another process. Dosya şunun tarafından kilitlendi: "Akyildiz.Sevkiyat.WebApi (4712)" [D:\vue\AkyildizSevkiyat\Akyildiz.Sevkiyat.WebApi\Akyildiz.Sevkiyat.WebApi.csproj]
C:\Program Files\dotnet\sdk\10.0.100\Microsoft.Common.CurrentVersion.targets(5080,5): warning MSB3026: "D:\vue\AkyildizSevkiyat\Akyildiz.Sevkiyat.Application\bin\Debug\net10.0\Akyildiz.Sevkiyat.Application.dll", "bin\Debug\net10.0\Akyildiz.Sevkiyat.Application.dll" üzerine kopyalanamadı. 1 numaralı yeniden denemeye 1000 ms içinde başlanacak. The process cannot access the file 'D:\vue\AkyildizSevkiyat\Akyildiz.Sevkiyat.WebApi\bin\Debug\net10.0\Akyildiz.Sevkiyat.Application.dll' because it is being used by another process. Dosya şunun tarafından kilitlendi: "Akyildiz.Sevkiyat.WebApi (4712)" [D:\vue\AkyildizSevkiyat\Akyildiz.Sevkiyat.WebApi\Akyildiz.Sevkiyat.WebApi.csproj]
C:\Program Files\dotnet\sdk\10.0.100\Microsoft.Common.CurrentVersion.targets(5080,5): warning MSB3026: "D:\vue\AkyildizSevkiyat\Akyildiz.Sevkiyat.Infrastructure\bin\Debug\net10.0\Akyildiz.Sevkiyat.Infrastructure.dll", "bin\Debug\net10.0\Akyildiz.Sevkiyat.Infrastructure.dll" üzerine kopyalanamadı. 2 numaralı yeniden denemeye 1000 ms içinde başlanacak. The process cannot access the file 'D:\vue\AkyildizSevkiyat\Akyildiz.Sevkiyat.WebApi\bin\Debug\net10.0\Akyildiz.Sevkiyat.Infrastructure.dll' because it is being used by another process. Dosya şunun tarafından kilitlendi: "Akyildiz.Sevkiyat.WebApi (4712)" [D:\vue\AkyildizSevkiyat\Akyildiz.Sevkiyat.WebApi\Akyildiz.Sevkiyat.WebApi.csproj]
C:\Program Files\dotnet\sdk\10.0.100\Microsoft.Common.CurrentVersion.targets(5080,5): warning MSB3026: "D:\vue\AkyildizSevkiyat\Akyildiz.Sevkiyat.Application\bin\Debug\net10.0\Akyildiz.Sevkiyat.Application.dll", "bin\Debug\net10.0\Akyildiz.Sevkiyat.Application.dll" üzerine kopyalanamadı. 2 numaralı yeniden denemeye 1000 ms içinde başlanacak. The process cannot access the file 'D:\vue\AkyildizSevkiyat\Akyildiz.Sevkiyat.WebApi\bin\Debug\net10.0\Akyildiz.Sevkiyat.Application.dll' because it is being used by another process. Dosya şunun tarafından kilitlendi: "Akyildiz.Sevkiyat.WebApi (4712)" [D:\vue\AkyildizSevkiyat\Akyildiz.Sevkiyat.WebApi\Akyildiz.Sevkiyat.WebApi.csproj]
C:\Program Files\dotnet\sdk\10.0.100\Microsoft.Common.CurrentVersion.targets(5080,5): warning MSB3026: "D:\vue\AkyildizSevkiyat\Akyildiz.Sevkiyat.Domain\bin\Debug\net10.0\Akyildiz.Sevkiyat.Domain.dll", "bin\Debug\net10.0\Akyildiz.Sevkiyat.Domain.dll" üzerine kopyalanamadı. 2 numaralı yeniden denemeye 1000 ms içinde başlanacak. The process cannot access the file 'D:\vue\AkyildizSevkiyat\Akyildiz.Sevkiyat.WebApi\bin\Debug\net10.0\Akyildiz.Sevkiyat.Domain.dll' because it is being used by another process. Dosya şunun tarafından kilitlendi: "Akyildiz.Sevkiyat.WebApi (4712)" [D:\vue\AkyildizSevkiyat\Akyildiz.Sevkiyat.WebApi\Akyildiz.Sevkiyat.WebApi.csproj]
C:\Program Files\dotnet\sdk\10.0.100\Microsoft.Common.CurrentVersion.targets(5080,5): warning MSB3026: "D:\vue\AkyildizSevkiyat\Akyildiz.Sevkiyat.Infrastructure\bin\Debug\net10.0\Akyildiz.Sevkiyat.Infrastructure.dll", "bin\Debug\net10.0\Akyildiz.Sevkiyat.Infrastructure.dll" üzerine kopyalanamadı. 3 numaralı yeniden denemeye 1000 ms içinde başlanacak. The process cannot access the file 'D:\vue\AkyildizSevkiyat\Akyildiz.Sevkiyat.WebApi\bin\Debug\net10.0\Akyildiz.Sevkiyat.Infrastructure.dll' because it is being used by another process. Dosya şunun tarafından kilitlendi: "Akyildiz.Sevkiyat.WebApi (4712)" [D:\vue\AkyildizSevkiyat\Akyildiz.Sevkiyat.WebApi\Akyildiz.Sevkiyat.WebApi.csproj]
C:\Program Files\dotnet\sdk\10.0.100\Microsoft.Common.CurrentVersion.targets(5080,5): warning MSB3026: "D:\vue\AkyildizSevkiyat\Akyildiz.Sevkiyat.Domain\bin\Debug\net10.0\Akyildiz.Sevkiyat.Domain.dll", "bin\Debug\net10.0\Akyildiz.Sevkiyat.Domain.dll" üzerine kopyalanamadı. 3 numaralı yeniden denemeye 1000 ms içinde başlanacak. The process cannot access the file 'D:\vue\AkyildizSevkiyat\Akyildiz.Sevkiyat.WebApi\bin\Debug\net10.0\Akyildiz.Sevkiyat.Domain.dll' because it is being used by another process. Dosya şunun tarafından kilitlendi: "Akyildiz.Sevkiyat.WebApi (4712)" [D:\vue\AkyildizSevkiyat\Akyildiz.Sevkiyat.WebApi\Akyildiz.Sevkiyat.WebApi.csproj]
C:\Program Files\dotnet\sdk\10.0.100\Microsoft.Common.CurrentVersion.targets(5080,5): warning MSB3026: "D:\vue\AkyildizSevkiyat\Akyildiz.Sevkiyat.Application\bin\Debug\net10.0\Akyildiz.Sevkiyat.Application.dll", "bin\Debug\net10.0\Akyildiz.Sevkiyat.Application.dll" üzerine kopyalanamadı. 3 numaralı yeniden denemeye 1000 ms içinde başlanacak. The process cannot access the file 'D:\vue\AkyildizSevkiyat\Akyildiz.Sevkiyat.WebApi\bin\Debug\net10.0\Akyildiz.Sevkiyat.Application.dll' because it is being used by another process. Dosya şunun tarafından kilitlendi: "Akyildiz.Sevkiyat.WebApi (4712)" [D:\vue\AkyildizSevkiyat\Akyildiz.Sevkiyat.WebApi\Akyildiz.Sevkiyat.WebApi.csproj]
C:\Program Files\dotnet\sdk\10.0.100\Microsoft.Common.CurrentVersion.targets(5080,5): warning MSB3026: "D:\vue\AkyildizSevkiyat\Akyildiz.Sevkiyat.Infrastructure\bin\Debug\net10.0\Akyildiz.Sevkiyat.Infrastructure.dll", "bin\Debug\net10.0\Akyildiz.Sevkiyat.Infrastructure.dll" üzerine kopyalanamadı. 4 numaralı yeniden denemeye 1000 ms içinde başlanacak. The process cannot access the file 'D:\vue\AkyildizSevkiyat\Akyildiz.Sevkiyat.WebApi\bin\Debug\net10.0\Akyildiz.Sevkiyat.Infrastructure.dll' because it is being used by another process. Dosya şunun tarafından kilitlendi: "Akyildiz.Sevkiyat.WebApi (4712)" [D:\vue\AkyildizSevkiyat\Akyildiz.Sevkiyat.WebApi\Akyildiz.Sevkiyat.WebApi.csproj]
C:\Program Files\dotnet\sdk\10.0.100\Microsoft.Common.CurrentVersion.targets(5080,5): warning MSB3026: "D:\vue\AkyildizSevkiyat\Akyildiz.Sevkiyat.Domain\bin\Debug\net10.0\Akyildiz.Sevkiyat.Domain.dll", "bin\Debug\net10.0\Akyildiz.Sevkiyat.Domain.dll" üzerine kopyalanamadı. 4 numaralı yeniden denemeye 1000 ms içinde başlanacak. The process cannot access the file 'D:\vue\AkyildizSevkiyat\Akyildiz.Sevkiyat.WebApi\bin\Debug\net10.0\Akyildiz.Sevkiyat.Domain.dll' because it is being used by another process. Dosya şunun tarafından kilitlendi: "Akyildiz.Sevkiyat.WebApi (4712)" [D:\vue\AkyildizSevkiyat\Akyildiz.Sevkiyat.WebApi\Akyildiz.Sevkiyat.WebApi.csproj]
C:\Program Files\dotnet\sdk\10.0.100\Microsoft.Common.CurrentVersion.targets(5080,5): warning MSB3026: "D:\vue\AkyildizSevkiyat\Akyildiz.Sevkiyat.Application\bin\Debug\net10.0\Akyildiz.Sevkiyat.Application.dll", "bin\Debug\net10.0\Akyildiz.Sevkiyat.Application.dll" üzerine kopyalanamadı. 4 numaralı yeniden denemeye 1000 ms içinde başlanacak. The process cannot access the file 'D:\vue\AkyildizSevkiyat\Akyildiz.Sevkiyat.WebApi\bin\Debug\net10.0\Akyildiz.Sevkiyat.Application.dll' because it is being used by another process. Dosya şunun tarafından kilitlendi: "Akyildiz.Sevkiyat.WebApi (4712)" [D:\vue\AkyildizSevkiyat\Akyildiz.Sevkiyat.WebApi\Akyildiz.Sevkiyat.WebApi.csproj]
C:\Program Files\dotnet\sdk\10.0.100\Microsoft.Common.CurrentVersion.targets(5080,5): warning MSB3026: "D:\vue\AkyildizSevkiyat\Akyildiz.Sevkiyat.Infrastructure\bin\Debug\net10.0\Akyildiz.Sevkiyat.Infrastructure.dll", "bin\Debug\net10.0\Akyildiz.Sevkiyat.Infrastructure.dll" üzerine kopyalanamadı. 5 numaralı yeniden denemeye 1000 ms içinde başlanacak. The process cannot access the file 'D:\vue\AkyildizSevkiyat\Akyildiz.Sevkiyat.WebApi\bin\Debug\net10.0\Akyildiz.Sevkiyat.Infrastructure.dll' because it is being used by another process. Dosya şunun tarafından kilitlendi: "Akyildiz.Sevkiyat.WebApi (4712)" [D:\vue\AkyildizSevkiyat\Akyildiz.Sevkiyat.WebApi\Akyildiz.Sevkiyat.WebApi.csproj]
C:\Program Files\dotnet\sdk\10.0.100\Microsoft.Common.CurrentVersion.targets(5080,5): warning MSB3026: "D:\vue\AkyildizSevkiyat\Akyildiz.Sevkiyat.Domain\bin\Debug\net10.0\Akyildiz.Sevkiyat.Domain.dll", "bin\Debug\net10.0\Akyildiz.Sevkiyat.Domain.dll" üzerine kopyalanamadı. 5 numaralı yeniden denemeye 1000 ms içinde başlanacak. The process cannot access the file 'D:\vue\AkyildizSevkiyat\Akyildiz.Sevkiyat.WebApi\bin\Debug\net10.0\Akyildiz.Sevkiyat.Domain.dll' because it is being used by another process. Dosya şunun tarafından kilitlendi: "Akyildiz.Sevkiyat.WebApi (4712)" [D:\vue\AkyildizSevkiyat\Akyildiz.Sevkiyat.WebApi\Akyildiz.Sevkiyat.WebApi.csproj]
C:\Program Files\dotnet\sdk\10.0.100\Microsoft.Common.CurrentVersion.targets(5080,5): warning MSB3026: "D:\vue\AkyildizSevkiyat\Akyildiz.Sevkiyat.Application\bin\Debug\net10.0\Akyildiz.Sevkiyat.Application.dll", "bin\Debug\net10.0\Akyildiz.Sevkiyat.Application.dll" üzerine kopyalanamadı. 5 numaralı yeniden denemeye 1000 ms içinde başlanacak. The process cannot access the file 'D:\vue\AkyildizSevkiyat\Akyildiz.Sevkiyat.WebApi\bin\Debug\net10.0\Akyildiz.Sevkiyat.Application.dll' because it is being used by another process. Dosya şunun tarafından kilitlendi: "Akyildiz.Sevkiyat.WebApi (4712)" [D:\vue\AkyildizSevkiyat\Akyildiz.Sevkiyat.WebApi\Akyildiz.Sevkiyat.WebApi.csproj]
C:\Program Files\dotnet\sdk\10.0.100\Microsoft.Common.CurrentVersion.targets(5080,5): warning MSB3026: "D:\vue\AkyildizSevkiyat\Akyildiz.Sevkiyat.Infrastructure\bin\Debug\net10.0\Akyildiz.Sevkiyat.Infrastructure.dll", "bin\Debug\net10.0\Akyildiz.Sevkiyat.Infrastructure.dll" üzerine kopyalanamadı. 6 numaralı yeniden denemeye 1000 ms içinde başlanacak. The process cannot access the file 'D:\vue\AkyildizSevkiyat\Akyildiz.Sevkiyat.WebApi\bin\Debug\net10.0\Akyildiz.Sevkiyat.Infrastructure.dll' because it is being used by another process. Dosya şunun tarafından kilitlendi: "Akyildiz.Sevkiyat.WebApi (4712)" [D:\vue\AkyildizSevkiyat\Akyildiz.Sevkiyat.WebApi\Akyildiz.Sevkiyat.WebApi.csproj]
C:\Program Files\dotnet\sdk\10.0.100\Microsoft.Common.CurrentVersion.targets(5080,5): warning MSB3026: "D:\vue\AkyildizSevkiyat\Akyildiz.Sevkiyat.Domain\bin\Debug\net10.0\Akyildiz.Sevkiyat.Domain.dll", "bin\Debug\net10.0\Akyildiz.Sevkiyat.Domain.dll" üzerine kopyalanamadı. 6 numaralı yeniden denemeye 1000 ms içinde başlanacak. The process cannot access the file 'D:\vue\AkyildizSevkiyat\Akyildiz.Sevkiyat.WebApi\bin\Debug\net10.0\Akyildiz.Sevkiyat.Domain.dll' because it is being used by another process. Dosya şunun tarafından kilitlendi: "Akyildiz.Sevkiyat.WebApi (4712)" [D:\vue\AkyildizSevkiyat\Akyildiz.Sevkiyat.WebApi\Akyildiz.Sevkiyat.WebApi.csproj]
C:\Program Files\dotnet\sdk\10.0.100\Microsoft.Common.CurrentVersion.targets(5080,5): warning MSB3026: "D:\vue\AkyildizSevkiyat\Akyildiz.Sevkiyat.Application\bin\Debug\net10.0\Akyildiz.Sevkiyat.Application.dll", "bin\Debug\net10.0\Akyildiz.Sevkiyat.Application.dll" üzerine kopyalanamadı. 6 numaralı yeniden denemeye 1000 ms içinde başlanacak. The process cannot access the file 'D:\vue\AkyildizSevkiyat\Akyildiz.Sevkiyat.WebApi\bin\Debug\net10.0\Akyildiz.Sevkiyat.Application.dll' because it is being used by another process. Dosya şunun tarafından kilitlendi: "Akyildiz.Sevkiyat.WebApi (4712)" [D:\vue\AkyildizSevkiyat\Akyildiz.Sevkiyat.WebApi\Akyildiz.Sevkiyat.WebApi.csproj]
C:\Program Files\dotnet\sdk\10.0.100\Microsoft.Common.CurrentVersion.targets(5080,5): warning MSB3026: "D:\vue\AkyildizSevkiyat\Akyildiz.Sevkiyat.Infrastructure\bin\Debug\net10.0\Akyildiz.Sevkiyat.Infrastructure.dll", "bin\Debug\net10.0\Akyildiz.Sevkiyat.Infrastructure.dll" üzerine kopyalanamadı. 7 numaralı yeniden denemeye 1000 ms içinde başlanacak. The process cannot access the file 'D:\vue\AkyildizSevkiyat\Akyildiz.Sevkiyat.WebApi\bin\Debug\net10.0\Akyildiz.Sevkiyat.Infrastructure.dll' because it is being used by another process. Dosya şunun tarafından kilitlendi: "Akyildiz.Sevkiyat.WebApi (4712)" [D:\vue\AkyildizSevkiyat\Akyildiz.Sevkiyat.WebApi\Akyildiz.Sevkiyat.WebApi.csproj]
C:\Program Files\dotnet\sdk\10.0.100\Microsoft.Common.CurrentVersion.targets(5080,5): warning MSB3026: "D:\vue\AkyildizSevkiyat\Akyildiz.Sevkiyat.Domain\bin\Debug\net10.0\Akyildiz.Sevkiyat.Domain.dll", "bin\Debug\net10.0\Akyildiz.Sevkiyat.Domain.dll" üzerine kopyalanamadı. 7 numaralı yeniden denemeye 1000 ms içinde başlanacak. The process cannot access the file 'D:\vue\AkyildizSevkiyat\Akyildiz.Sevkiyat.WebApi\bin\Debug\net10.0\Akyildiz.Sevkiyat.Domain.dll' because it is being used by another process. Dosya şunun tarafından kilitlendi: "Akyildiz.Sevkiyat.WebApi (4712)" [D:\vue\AkyildizSevkiyat\Akyildiz.Sevkiyat.WebApi\Akyildiz.Sevkiyat.WebApi.csproj]
C:\Program Files\dotnet\sdk\10.0.100\Microsoft.Common.CurrentVersion.targets(5080,5): warning MSB3026: "D:\vue\AkyildizSevkiyat\Akyildiz.Sevkiyat.Application\bin\Debug\net10.0\Akyildiz.Sevkiyat.Application.dll", "bin\Debug\net10.0\Akyildiz.Sevkiyat.Application.dll" üzerine kopyalanamadı. 7 numaralı yeniden denemeye 1000 ms içinde başlanacak. The process cannot access the file 'D:\vue\AkyildizSevkiyat\Akyildiz.Sevkiyat.WebApi\bin\Debug\net10.0\Akyildiz.Sevkiyat.Application.dll' because it is being used by another process. Dosya şunun tarafından kilitlendi: "Akyildiz.Sevkiyat.WebApi (4712)" [D:\vue\AkyildizSevkiyat\Akyildiz.Sevkiyat.WebApi\Akyildiz.Sevkiyat.WebApi.csproj]
C:\Program Files\dotnet\sdk\10.0.100\Microsoft.Common.CurrentVersion.targets(5080,5): warning MSB3026: "D:\vue\AkyildizSevkiyat\Akyildiz.Sevkiyat.Infrastructure\bin\Debug\net10.0\Akyildiz.Sevkiyat.Infrastructure.dll", "bin\Debug\net10.0\Akyildiz.Sevkiyat.Infrastructure.dll" üzerine kopyalanamadı. 8 numaralı yeniden denemeye 1000 ms içinde başlanacak. The process cannot access the file 'D:\vue\AkyildizSevkiyat\Akyildiz.Sevkiyat.WebApi\bin\Debug\net10.0\Akyildiz.Sevkiyat.Infrastructure.dll' because it is being used by another process. Dosya şunun tarafından kilitlendi: "Akyildiz.Sevkiyat.WebApi (4712)" [D:\vue\AkyildizSevkiyat\Akyildiz.Sevkiyat.WebApi\Akyildiz.Sevkiyat.WebApi.csproj]
C:\Program Files\dotnet\sdk\10.0.100\Microsoft.Common.CurrentVersion.targets(5080,5): warning MSB3026: "D:\vue\AkyildizSevkiyat\Akyildiz.Sevkiyat.Domain\bin\Debug\net10.0\Akyildiz.Sevkiyat.Domain.dll", "bin\Debug\net10.0\Akyildiz.Sevkiyat.Domain.dll" üzerine kopyalanamadı. 8 numaralı yeniden denemeye 1000 ms içinde başlanacak. The process cannot access the file 'D:\vue\AkyildizSevkiyat\Akyildiz.Sevkiyat.WebApi\bin\Debug\net10.0\Akyildiz.Sevkiyat.Domain.dll' because it is being used by another process. Dosya şunun tarafından kilitlendi: "Akyildiz.Sevkiyat.WebApi (4712)" [D:\vue\AkyildizSevkiyat\Akyildiz.Sevkiyat.WebApi\Akyildiz.Sevkiyat.WebApi.csproj]
C:\Program Files\dotnet\sdk\10.0.100\Microsoft.Common.CurrentVersion.targets(5080,5): warning MSB3026: "D:\vue\AkyildizSevkiyat\Akyildiz.Sevkiyat.Application\bin\Debug\net10.0\Akyildiz.Sevkiyat.Application.dll", "bin\Debug\net10.0\Akyildiz.Sevkiyat.Application.dll" üzerine kopyalanamadı. 8 numaralı yeniden denemeye 1000 ms içinde başlanacak. The process cannot access the file 'D:\vue\AkyildizSevkiyat\Akyildiz.Sevkiyat.WebApi\bin\Debug\net10.0\Akyildiz.Sevkiyat.Application.dll' because it is being used by another process. Dosya şunun tarafından kilitlendi: "Akyildiz.Sevkiyat.WebApi (4712)" [D:\vue\AkyildizSevkiyat\Akyildiz.Sevkiyat.WebApi\Akyildiz.Sevkiyat.WebApi.csproj]
C:\Program Files\dotnet\sdk\10.0.100\Microsoft.Common.CurrentVersion.targets(5080,5): warning MSB3026: "D:\vue\AkyildizSevkiyat\Akyildiz.Sevkiyat.Infrastructure\bin\Debug\net10.0\Akyildiz.Sevkiyat.Infrastructure.dll", "bin\Debug\net10.0\Akyildiz.Sevkiyat.Infrastructure.dll" üzerine kopyalanamadı. 9 numaralı yeniden denemeye 1000 ms içinde başlanacak. The process cannot access the file 'D:\vue\AkyildizSevkiyat\Akyildiz.Sevkiyat.WebApi\bin\Debug\net10.0\Akyildiz.Sevkiyat.Infrastructure.dll' because it is being used by another process. Dosya şunun tarafından kilitlendi: "Akyildiz.Sevkiyat.WebApi (4712)" [D:\vue\AkyildizSevkiyat\Akyildiz.Sevkiyat.WebApi\Akyildiz.Sevkiyat.WebApi.csproj]
C:\Program Files\dotnet\sdk\10.0.100\Microsoft.Common.CurrentVersion.targets(5080,5): warning MSB3026: "D:\vue\AkyildizSevkiyat\Akyildiz.Sevkiyat.Domain\bin\Debug\net10.0\Akyildiz.Sevkiyat.Domain.dll", "bin\Debug\net10.0\Akyildiz.Sevkiyat.Domain.dll" üzerine kopyalanamadı. 9 numaralı yeniden denemeye 1000 ms içinde başlanacak. The process cannot access the file 'D:\vue\AkyildizSevkiyat\Akyildiz.Sevkiyat.WebApi\bin\Debug\net10.0\Akyildiz.Sevkiyat.Domain.dll' because it is being used by another process. Dosya şunun tarafından kilitlendi: "Akyildiz.Sevkiyat.WebApi (4712)" [D:\vue\AkyildizSevkiyat\Akyildiz.Sevkiyat.WebApi\Akyildiz.Sevkiyat.WebApi.csproj]
C:\Program Files\dotnet\sdk\10.0.100\Microsoft.Common.CurrentVersion.targets(5080,5): warning MSB3026: "D:\vue\AkyildizSevkiyat\Akyildiz.Sevkiyat.Application\bin\Debug\net10.0\Akyildiz.Sevkiyat.Application.dll", "bin\Debug\net10.0\Akyildiz.Sevkiyat.Application.dll" üzerine kopyalanamadı. 9 numaralı yeniden denemeye 1000 ms içinde başlanacak. The process cannot access the file 'D:\vue\AkyildizSevkiyat\Akyildiz.Sevkiyat.WebApi\bin\Debug\net10.0\Akyildiz.Sevkiyat.Application.dll' because it is being used by another process. Dosya şunun tarafından kilitlendi: "Akyildiz.Sevkiyat.WebApi (4712)" [D:\vue\AkyildizSevkiyat\Akyildiz.Sevkiyat.WebApi\Akyildiz.Sevkiyat.WebApi.csproj]
C:\Program Files\dotnet\sdk\10.0.100\Microsoft.Common.CurrentVersion.targets(5080,5): warning MSB3026: "D:\vue\AkyildizSevkiyat\Akyildiz.Sevkiyat.Infrastructure\bin\Debug\net10.0\Akyildiz.Sevkiyat.Infrastructure.dll", "bin\Debug\net10.0\Akyildiz.Sevkiyat.Infrastructure.dll" üzerine kopyalanamadı. 10 numaralı yeniden denemeye 1000 ms içinde başlanacak. The process cannot access the file 'D:\vue\AkyildizSevkiyat\Akyildiz.Sevkiyat.WebApi\bin\Debug\net10.0\Akyildiz.Sevkiyat.Infrastructure.dll' because it is being used by another process. Dosya şunun tarafından kilitlendi: "Akyildiz.Sevkiyat.WebApi (4712)" [D:\vue\AkyildizSevkiyat\Akyildiz.Sevkiyat.WebApi\Akyildiz.Sevkiyat.WebApi.csproj]
C:\Program Files\dotnet\sdk\10.0.100\Microsoft.Common.CurrentVersion.targets(5080,5): warning MSB3026: "D:\vue\AkyildizSevkiyat\Akyildiz.Sevkiyat.Application\bin\Debug\net10.0\Akyildiz.Sevkiyat.Application.dll", "bin\Debug\net10.0\Akyildiz.Sevkiyat.Application.dll" üzerine kopyalanamadı. 10 numaralı yeniden denemeye 1000 ms içinde başlanacak. The process cannot access the file 'D:\vue\AkyildizSevkiyat\Akyildiz.Sevkiyat.WebApi\bin\Debug\net10.0\Akyildiz.Sevkiyat.Application.dll' because it is being used by another process. Dosya şunun tarafından kilitlendi: "Akyildiz.Sevkiyat.WebApi (4712)" [D:\vue\AkyildizSevkiyat\Akyildiz.Sevkiyat.WebApi\Akyildiz.Sevkiyat.WebApi.csproj]
C:\Program Files\dotnet\sdk\10.0.100\Microsoft.Common.CurrentVersion.targets(5080,5): warning MSB3026: "D:\vue\AkyildizSevkiyat\Akyildiz.Sevkiyat.Domain\bin\Debug\net10.0\Akyildiz.Sevkiyat.Domain.dll", "bin\Debug\net10.0\Akyildiz.Sevkiyat.Domain.dll" üzerine kopyalanamadı. 10 numaralı yeniden denemeye 1000 ms içinde başlanacak. The process cannot access the file 'D:\vue\AkyildizSevkiyat\Akyildiz.Sevkiyat.WebApi\bin\Debug\net10.0\Akyildiz.Sevkiyat.Domain.dll' because it is being used by another process. Dosya şunun tarafından kilitlendi: "Akyildiz.Sevkiyat.WebApi (4712)" [D:\vue\AkyildizSevkiyat\Akyildiz.Sevkiyat.WebApi\Akyildiz.Sevkiyat.WebApi.csproj]
C:\Program Files\dotnet\sdk\10.0.100\Microsoft.Common.CurrentVersion.targets(5080,5): error MSB3027: "D:\vue\AkyildizSevkiyat\Akyildiz.Sevkiyat.Infrastructure\bin\Debug\net10.0\Akyildiz.Sevkiyat.Infrastructure.dll", "bin\Debug\net10.0\Akyildiz.Sevkiyat.Infrastructure.dll" üzerine kopyalanamadı. 10 yeniden deneme sayısı aşıldı. Başarısız oldu. Dosya şunun tarafından kilitlendi: "Akyildiz.Sevkiyat.WebApi (4712)" [D:\vue\AkyildizSevkiyat\Akyildiz.Sevkiyat.WebApi\Akyildiz.Sevkiyat.WebApi.csproj]
C:\Program Files\dotnet\sdk\10.0.100\Microsoft.Common.CurrentVersion.targets(5080,5): error MSB3021: "D:\vue\AkyildizSevkiyat\Akyildiz.Sevkiyat.Infrastructure\bin\Debug\net10.0\Akyildiz.Sevkiyat.Infrastructure.dll" dosyası "bin\Debug\net10.0\Akyildiz.Sevkiyat.Infrastructure.dll" üzerine kopyalanamıyor. The process cannot access the file 'D:\vue\AkyildizSevkiyat\Akyildiz.Sevkiyat.WebApi\bin\Debug\net10.0\Akyildiz.Sevkiyat.Infrastructure.dll' because it is being used by another process. [D:\vue\AkyildizSevkiyat\Akyildiz.Sevkiyat.WebApi\Akyildiz.Sevkiyat.WebApi.csproj]
C:\Program Files\dotnet\sdk\10.0.100\Microsoft.Common.CurrentVersion.targets(5080,5): error MSB3027: "D:\vue\AkyildizSevkiyat\Akyildiz.Sevkiyat.Application\bin\Debug\net10.0\Akyildiz.Sevkiyat.Application.dll", "bin\Debug\net10.0\Akyildiz.Sevkiyat.Application.dll" üzerine kopyalanamadı. 10 yeniden deneme sayısı aşıldı. Başarısız oldu. Dosya şunun tarafından kilitlendi: "Akyildiz.Sevkiyat.WebApi (4712)" [D:\vue\AkyildizSevkiyat\Akyildiz.Sevkiyat.WebApi\Akyildiz.Sevkiyat.WebApi.csproj]
C:\Program Files\dotnet\sdk\10.0.100\Microsoft.Common.CurrentVersion.targets(5080,5): error MSB3021: "D:\vue\AkyildizSevkiyat\Akyildiz.Sevkiyat.Application\bin\Debug\net10.0\Akyildiz.Sevkiyat.Application.dll" dosyası "bin\Debug\net10.0\Akyildiz.Sevkiyat.Application.dll" üzerine kopyalanamıyor. The process cannot access the file 'D:\vue\AkyildizSevkiyat\Akyildiz.Sevkiyat.WebApi\bin\Debug\net10.0\Akyildiz.Sevkiyat.Application.dll' because it is being used by another process. [D:\vue\AkyildizSevkiyat\Akyildiz.Sevkiyat.WebApi\Akyildiz.Sevkiyat.WebApi.csproj]
C:\Program Files\dotnet\sdk\10.0.100\Microsoft.Common.CurrentVersion.targets(5080,5): error MSB3027: "D:\vue\AkyildizSevkiyat\Akyildiz.Sevkiyat.Domain\bin\Debug\net10.0\Akyildiz.Sevkiyat.Domain.dll", "bin\Debug\net10.0\Akyildiz.Sevkiyat.Domain.dll" üzerine kopyalanamadı. 10 yeniden deneme sayısı aşıldı. Başarısız oldu. Dosya şunun tarafından kilitlendi: "Akyildiz.Sevkiyat.WebApi (4712)" [D:\vue\AkyildizSevkiyat\Akyildiz.Sevkiyat.WebApi\Akyildiz.Sevkiyat.WebApi.csproj]
C:\Program Files\dotnet\sdk\10.0.100\Microsoft.Common.CurrentVersion.targets(5080,5): error MSB3021: "D:\vue\AkyildizSevkiyat\Akyildiz.Sevkiyat.Domain\bin\Debug\net10.0\Akyildiz.Sevkiyat.Domain.dll" dosyası "bin\Debug\net10.0\Akyildiz.Sevkiyat.Domain.dll" üzerine kopyalanamıyor. The process cannot access the file 'D:\vue\AkyildizSevkiyat\Akyildiz.Sevkiyat.WebApi\bin\Debug\net10.0\Akyildiz.Sevkiyat.Domain.dll' because it is being used by another process. [D:\vue\AkyildizSevkiyat\Akyildiz.Sevkiyat.WebApi\Akyildiz.Sevkiyat.WebApi.csproj]

Oluşturma BAŞARISIZ OLDU.

D:\vue\AkyildizSevkiyat\Akyildiz.Sevkiyat.Application\Akyildiz.Sevkiyat.Application.csproj : warning NU1510: PackageReference System.Text.Encoding.CodePages ayıklanmayacak. Bu paketi bağımlılıklarınızdan kaldırmayı düşünün, çünkü muhtemelen gereksizdir. [D:\vue\AkyildizSevkiyat\Akyildiz.Sevkiyat.WebApi\Akyildiz.Sevkiyat.WebApi.csproj]
D:\vue\AkyildizSevkiyat\Akyildiz.Sevkiyat.Application\Akyildiz.Sevkiyat.Application.csproj : warning NU1510: PackageReference System.Text.Encoding.CodePages ayıklanmayacak. Bu paketi bağımlılıklarınızdan kaldırmayı düşünün, çünkü muhtemelen gereksizdir.
C:\Program Files\dotnet\sdk\10.0.100\Microsoft.Common.CurrentVersion.targets(5080,5): warning MSB3026: "D:\vue\AkyildizSevkiyat\Akyildiz.Sevkiyat.Infrastructure\bin\Debug\net10.0\Akyildiz.Sevkiyat.Infrastructure.dll", "bin\Debug\net10.0\Akyildiz.Sevkiyat.Infrastructure.dll" üzerine kopyalanamadı. 1 numaralı yeniden denemeye 1000 ms içinde başlanacak. The process cannot access the file 'D:\vue\AkyildizSevkiyat\Akyildiz.Sevkiyat.WebApi\bin\Debug\net10.0\Akyildiz.Sevkiyat.Infrastructure.dll' because it is being used by another process. Dosya şunun tarafından kilitlendi: "Akyildiz.Sevkiyat.WebApi (4712)" [D:\vue\AkyildizSevkiyat\Akyildiz.Sevkiyat.WebApi\Akyildiz.Sevkiyat.WebApi.csproj]
C:\Program Files\dotnet\sdk\10.0.100\Microsoft.Common.CurrentVersion.targets(5080,5): warning MSB3026: "D:\vue\AkyildizSevkiyat\Akyildiz.Sevkiyat.Domain\bin\Debug\net10.0\Akyildiz.Sevkiyat.Domain.dll", "bin\Debug\net10.0\Akyildiz.Sevkiyat.Domain.dll" üzerine kopyalanamadı. 1 numaralı yeniden denemeye 1000 ms içinde başlanacak. The process cannot access the file 'D:\vue\AkyildizSevkiyat\Akyildiz.Sevkiyat.WebApi\bin\Debug\net10.0\Akyildiz.Sevkiyat.Domain.dll' because it is being used by another process. Dosya şunun tarafından kilitlendi: "Akyildiz.Sevkiyat.WebApi (4712)" [D:\vue\AkyildizSevkiyat\Akyildiz.Sevkiyat.WebApi\Akyildiz.Sevkiyat.WebApi.csproj]
C:\Program Files\dotnet\sdk\10.0.100\Microsoft.Common.CurrentVersion.targets(5080,5): warning MSB3026: "D:\vue\AkyildizSevkiyat\Akyildiz.Sevkiyat.Application\bin\Debug\net10.0\Akyildiz.Sevkiyat.Application.dll", "bin\Debug\net10.0\Akyildiz.Sevkiyat.Application.dll" üzerine kopyalanamadı. 1 numaralı yeniden denemeye 1000 ms içinde başlanacak. The process cannot access the file 'D:\vue\AkyildizSevkiyat\Akyildiz.Sevkiyat.WebApi\bin\Debug\net10.0\Akyildiz.Sevkiyat.Application.dll' because it is being used by another process. Dosya şunun tarafından kilitlendi: "Akyildiz.Sevkiyat.WebApi (4712)" [D:\vue\AkyildizSevkiyat\Akyildiz.Sevkiyat.WebApi\Akyildiz.Sevkiyat.WebApi.csproj]
C:\Program Files\dotnet\sdk\10.0.100\Microsoft.Common.CurrentVersion.targets(5080,5): warning MSB3026: "D:\vue\AkyildizSevkiyat\Akyildiz.Sevkiyat.Infrastructure\bin\Debug\net10.0\Akyildiz.Sevkiyat.Infrastructure.dll", "bin\Debug\net10.0\Akyildiz.Sevkiyat.Infrastructure.dll" üzerine kopyalanamadı. 2 numaralı yeniden denemeye 1000 ms içinde başlanacak. The process cannot access the file 'D:\vue\AkyildizSevkiyat\Akyildiz.Sevkiyat.WebApi\bin\Debug\net10.0\Akyildiz.Sevkiyat.Infrastructure.dll' because it is being used by another process. Dosya şunun tarafından kilitlendi: "Akyildiz.Sevkiyat.WebApi (4712)" [D:\vue\AkyildizSevkiyat\Akyildiz.Sevkiyat.WebApi\Akyildiz.Sevkiyat.WebApi.csproj]
C:\Program Files\dotnet\sdk\10.0.100\Microsoft.Common.CurrentVersion.targets(5080,5): warning MSB3026: "D:\vue\AkyildizSevkiyat\Akyildiz.Sevkiyat.Application\bin\Debug\net10.0\Akyildiz.Sevkiyat.Application.dll", "bin\Debug\net10.0\Akyildiz.Sevkiyat.Application.dll" üzerine kopyalanamadı. 2 numaralı yeniden denemeye 1000 ms içinde başlanacak. The process cannot access the file 'D:\vue\AkyildizSevkiyat\Akyildiz.Sevkiyat.WebApi\bin\Debug\net10.0\Akyildiz.Sevkiyat.Application.dll' because it is being used by another process. Dosya şunun tarafından kilitlendi: "Akyildiz.Sevkiyat.WebApi (4712)" [D:\vue\AkyildizSevkiyat\Akyildiz.Sevkiyat.WebApi\Akyildiz.Sevkiyat.WebApi.csproj]
C:\Program Files\dotnet\sdk\10.0.100\Microsoft.Common.CurrentVersion.targets(5080,5): warning MSB3026: "D:\vue\AkyildizSevkiyat\Akyildiz.Sevkiyat.Domain\bin\Debug\net10.0\Akyildiz.Sevkiyat.Domain.dll", "bin\Debug\net10.0\Akyildiz.Sevkiyat.Domain.dll" üzerine kopyalanamadı. 2 numaralı yeniden denemeye 1000 ms içinde başlanacak. The process cannot access the file 'D:\vue\AkyildizSevkiyat\Akyildiz.Sevkiyat.WebApi\bin\Debug\net10.0\Akyildiz.Sevkiyat.Domain.dll' because it is being used by another process. Dosya şunun tarafından kilitlendi: "Akyildiz.Sevkiyat.WebApi (4712)" [D:\vue\AkyildizSevkiyat\Akyildiz.Sevkiyat.WebApi\Akyildiz.Sevkiyat.WebApi.csproj]
C:\Program Files\dotnet\sdk\10.0.100\Microsoft.Common.CurrentVersion.targets(5080,5): warning MSB3026: "D:\vue\AkyildizSevkiyat\Akyildiz.Sevkiyat.Infrastructure\bin\Debug\net10.0\Akyildiz.Sevkiyat.Infrastructure.dll", "bin\Debug\net10.0\Akyildiz.Sevkiyat.Infrastructure.dll" üzerine kopyalanamadı. 3 numaralı yeniden denemeye 1000 ms içinde başlanacak. The process cannot access the file 'D:\vue\AkyildizSevkiyat\Akyildiz.Sevkiyat.WebApi\bin\Debug\net10.0\Akyildiz.Sevkiyat.Infrastructure.dll' because it is being used by another process. Dosya şunun tarafından kilitlendi: "Akyildiz.Sevkiyat.WebApi (4712)" [D:\vue\AkyildizSevkiyat\Akyildiz.Sevkiyat.WebApi\Akyildiz.Sevkiyat.WebApi.csproj]
C:\Program Files\dotnet\sdk\10.0.100\Microsoft.Common.CurrentVersion.targets(5080,5): warning MSB3026: "D:\vue\AkyildizSevkiyat\Akyildiz.Sevkiyat.Domain\bin\Debug\net10.0\Akyildiz.Sevkiyat.Domain.dll", "bin\Debug\net10.0\Akyildiz.Sevkiyat.Domain.dll" üzerine kopyalanamadı. 3 numaralı yeniden denemeye 1000 ms içinde başlanacak. The process cannot access the file 'D:\vue\AkyildizSevkiyat\Akyildiz.Sevkiyat.WebApi\bin\Debug\net10.0\Akyildiz.Sevkiyat.Domain.dll' because it is being used by another process. Dosya şunun tarafından kilitlendi: "Akyildiz.Sevkiyat.WebApi (4712)" [D:\vue\AkyildizSevkiyat\Akyildiz.Sevkiyat.WebApi\Akyildiz.Sevkiyat.WebApi.csproj]
C:\Program Files\dotnet\sdk\10.0.100\Microsoft.Common.CurrentVersion.targets(5080,5): warning MSB3026: "D:\vue\AkyildizSevkiyat\Akyildiz.Sevkiyat.Application\bin\Debug\net10.0\Akyildiz.Sevkiyat.Application.dll", "bin\Debug\net10.0\Akyildiz.Sevkiyat.Application.dll" üzerine kopyalanamadı. 3 numaralı yeniden denemeye 1000 ms içinde başlanacak. The process cannot access the file 'D:\vue\AkyildizSevkiyat\Akyildiz.Sevkiyat.WebApi\bin\Debug\net10.0\Akyildiz.Sevkiyat.Application.dll' because it is being used by another process. Dosya şunun tarafından kilitlendi: "Akyildiz.Sevkiyat.WebApi (4712)" [D:\vue\AkyildizSevkiyat\Akyildiz.Sevkiyat.WebApi\Akyildiz.Sevkiyat.WebApi.csproj]
C:\Program Files\dotnet\sdk\10.0.100\Microsoft.Common.CurrentVersion.targets(5080,5): warning MSB3026: "D:\vue\AkyildizSevkiyat\Akyildiz.Sevkiyat.Infrastructure\bin\Debug\net10.0\Akyildiz.Sevkiyat.Infrastructure.dll", "bin\Debug\net10.0\Akyildiz.Sevkiyat.Infrastructure.dll" üzerine kopyalanamadı. 4 numaralı yeniden denemeye 1000 ms içinde başlanacak. The process cannot access the file 'D:\vue\AkyildizSevkiyat\Akyildiz.Sevkiyat.WebApi\bin\Debug\net10.0\Akyildiz.Sevkiyat.Infrastructure.dll' because it is being used by another process. Dosya şunun tarafından kilitlendi: "Akyildiz.Sevkiyat.WebApi (4712)" [D:\vue\AkyildizSevkiyat\Akyildiz.Sevkiyat.WebApi\Akyildiz.Sevkiyat.WebApi.csproj]
C:\Program Files\dotnet\sdk\10.0.100\Microsoft.Common.CurrentVersion.targets(5080,5): warning MSB3026: "D:\vue\AkyildizSevkiyat\Akyildiz.Sevkiyat.Domain\bin\Debug\net10.0\Akyildiz.Sevkiyat.Domain.dll", "bin\Debug\net10.0\Akyildiz.Sevkiyat.Domain.dll" üzerine kopyalanamadı. 4 numaralı yeniden denemeye 1000 ms içinde başlanacak. The process cannot access the file 'D:\vue\AkyildizSevkiyat\Akyildiz.Sevkiyat.WebApi\bin\Debug\net10.0\Akyildiz.Sevkiyat.Domain.dll' because it is being used by another process. Dosya şunun tarafından kilitlendi: "Akyildiz.Sevkiyat.WebApi (4712)" [D:\vue\AkyildizSevkiyat\Akyildiz.Sevkiyat.WebApi\Akyildiz.Sevkiyat.WebApi.csproj]
C:\Program Files\dotnet\sdk\10.0.100\Microsoft.Common.CurrentVersion.targets(5080,5): warning MSB3026: "D:\vue\AkyildizSevkiyat\Akyildiz.Sevkiyat.Application\bin\Debug\net10.0\Akyildiz.Sevkiyat.Application.dll", "bin\Debug\net10.0\Akyildiz.Sevkiyat.Application.dll" üzerine kopyalanamadı. 4 numaralı yeniden denemeye 1000 ms içinde başlanacak. The process cannot access the file 'D:\vue\AkyildizSevkiyat\Akyildiz.Sevkiyat.WebApi\bin\Debug\net10.0\Akyildiz.Sevkiyat.Application.dll' because it is being used by another process. Dosya şunun tarafından kilitlendi: "Akyildiz.Sevkiyat.WebApi (4712)" [D:\vue\AkyildizSevkiyat\Akyildiz.Sevkiyat.WebApi\Akyildiz.Sevkiyat.WebApi.csproj]
C:\Program Files\dotnet\sdk\10.0.100\Microsoft.Common.CurrentVersion.targets(5080,5): warning MSB3026: "D:\vue\AkyildizSevkiyat\Akyildiz.Sevkiyat.Infrastructure\bin\Debug\net10.0\Akyildiz.Sevkiyat.Infrastructure.dll", "bin\Debug\net10.0\Akyildiz.Sevkiyat.Infrastructure.dll" üzerine kopyalanamadı. 5 numaralı yeniden denemeye 1000 ms içinde başlanacak. The process cannot access the file 'D:\vue\AkyildizSevkiyat\Akyildiz.Sevkiyat.WebApi\bin\Debug\net10.0\Akyildiz.Sevkiyat.Infrastructure.dll' because it is being used by another process. Dosya şunun tarafından kilitlendi: "Akyildiz.Sevkiyat.WebApi (4712)" [D:\vue\AkyildizSevkiyat\Akyildiz.Sevkiyat.WebApi\Akyildiz.Sevkiyat.WebApi.csproj]
C:\Program Files\dotnet\sdk\10.0.100\Microsoft.Common.CurrentVersion.targets(5080,5): warning MSB3026: "D:\vue\AkyildizSevkiyat\Akyildiz.Sevkiyat.Domain\bin\Debug\net10.0\Akyildiz.Sevkiyat.Domain.dll", "bin\Debug\net10.0\Akyildiz.Sevkiyat.Domain.dll" üzerine kopyalanamadı. 5 numaralı yeniden denemeye 1000 ms içinde başlanacak. The process cannot access the file 'D:\vue\AkyildizSevkiyat\Akyildiz.Sevkiyat.WebApi\bin\Debug\net10.0\Akyildiz.Sevkiyat.Domain.dll' because it is being used by another process. Dosya şunun tarafından kilitlendi: "Akyildiz.Sevkiyat.WebApi (4712)" [D:\vue\AkyildizSevkiyat\Akyildiz.Sevkiyat.WebApi\Akyildiz.Sevkiyat.WebApi.csproj]
C:\Program Files\dotnet\sdk\10.0.100\Microsoft.Common.CurrentVersion.targets(5080,5): warning MSB3026: "D:\vue\AkyildizSevkiyat\Akyildiz.Sevkiyat.Application\bin\Debug\net10.0\Akyildiz.Sevkiyat.Application.dll", "bin\Debug\net10.0\Akyildiz.Sevkiyat.Application.dll" üzerine kopyalanamadı. 5 numaralı yeniden denemeye 1000 ms içinde başlanacak. The process cannot access the file 'D:\vue\AkyildizSevkiyat\Akyildiz.Sevkiyat.WebApi\bin\Debug\net10.0\Akyildiz.Sevkiyat.Application.dll' because it is being used by another process. Dosya şunun tarafından kilitlendi: "Akyildiz.Sevkiyat.WebApi (4712)" [D:\vue\AkyildizSevkiyat\Akyildiz.Sevkiyat.WebApi\Akyildiz.Sevkiyat.WebApi.csproj]
C:\Program Files\dotnet\sdk\10.0.100\Microsoft.Common.CurrentVersion.targets(5080,5): warning MSB3026: "D:\vue\AkyildizSevkiyat\Akyildiz.Sevkiyat.Infrastructure\bin\Debug\net10.0\Akyildiz.Sevkiyat.Infrastructure.dll", "bin\Debug\net10.0\Akyildiz.Sevkiyat.Infrastructure.dll" üzerine kopyalanamadı. 6 numaralı yeniden denemeye 1000 ms içinde başlanacak. The process cannot access the file 'D:\vue\AkyildizSevkiyat\Akyildiz.Sevkiyat.WebApi\bin\Debug\net10.0\Akyildiz.Sevkiyat.Infrastructure.dll' because it is being used by another process. Dosya şunun tarafından kilitlendi: "Akyildiz.Sevkiyat.WebApi (4712)" [D:\vue\AkyildizSevkiyat\Akyildiz.Sevkiyat.WebApi\Akyildiz.Sevkiyat.WebApi.csproj]
C:\Program Files\dotnet\sdk\10.0.100\Microsoft.Common.CurrentVersion.targets(5080,5): warning MSB3026: "D:\vue\AkyildizSevkiyat\Akyildiz.Sevkiyat.Domain\bin\Debug\net10.0\Akyildiz.Sevkiyat.Domain.dll", "bin\Debug\net10.0\Akyildiz.Sevkiyat.Domain.dll" üzerine kopyalanamadı. 6 numaralı yeniden denemeye 1000 ms içinde başlanacak. The process cannot access the file 'D:\vue\AkyildizSevkiyat\Akyildiz.Sevkiyat.WebApi\bin\Debug\net10.0\Akyildiz.Sevkiyat.Domain.dll' because it is being used by another process. Dosya şunun tarafından kilitlendi: "Akyildiz.Sevkiyat.WebApi (4712)" [D:\vue\AkyildizSevkiyat\Akyildiz.Sevkiyat.WebApi\Akyildiz.Sevkiyat.WebApi.csproj]
C:\Program Files\dotnet\sdk\10.0.100\Microsoft.Common.CurrentVersion.targets(5080,5): warning MSB3026: "D:\vue\AkyildizSevkiyat\Akyildiz.Sevkiyat.Application\bin\Debug\net10.0\Akyildiz.Sevkiyat.Application.dll", "bin\Debug\net10.0\Akyildiz.Sevkiyat.Application.dll" üzerine kopyalanamadı. 6 numaralı yeniden denemeye 1000 ms içinde başlanacak. The process cannot access the file 'D:\vue\AkyildizSevkiyat\Akyildiz.Sevkiyat.WebApi\bin\Debug\net10.0\Akyildiz.Sevkiyat.Application.dll' because it is being used by another process. Dosya şunun tarafından kilitlendi: "Akyildiz.Sevkiyat.WebApi (4712)" [D:\vue\AkyildizSevkiyat\Akyildiz.Sevkiyat.WebApi\Akyildiz.Sevkiyat.WebApi.csproj]
C:\Program Files\dotnet\sdk\10.0.100\Microsoft.Common.CurrentVersion.targets(5080,5): warning MSB3026: "D:\vue\AkyildizSevkiyat\Akyildiz.Sevkiyat.Infrastructure\bin\Debug\net10.0\Akyildiz.Sevkiyat.Infrastructure.dll", "bin\Debug\net10.0\Akyildiz.Sevkiyat.Infrastructure.dll" üzerine kopyalanamadı. 7 numaralı yeniden denemeye 1000 ms içinde başlanacak. The process cannot access the file 'D:\vue\AkyildizSevkiyat\Akyildiz.Sevkiyat.WebApi\bin\Debug\net10.0\Akyildiz.Sevkiyat.Infrastructure.dll' because it is being used by another process. Dosya şunun tarafından kilitlendi: "Akyildiz.Sevkiyat.WebApi (4712)" [D:\vue\AkyildizSevkiyat\Akyildiz.Sevkiyat.WebApi\Akyildiz.Sevkiyat.WebApi.csproj]
C:\Program Files\dotnet\sdk\10.0.100\Microsoft.Common.CurrentVersion.targets(5080,5): warning MSB3026: "D:\vue\AkyildizSevkiyat\Akyildiz.Sevkiyat.Domain\bin\Debug\net10.0\Akyildiz.Sevkiyat.Domain.dll", "bin\Debug\net10.0\Akyildiz.Sevkiyat.Domain.dll" üzerine kopyalanamadı. 7 numaralı yeniden denemeye 1000 ms içinde başlanacak. The process cannot access the file 'D:\vue\AkyildizSevkiyat\Akyildiz.Sevkiyat.WebApi\bin\Debug\net10.0\Akyildiz.Sevkiyat.Domain.dll' because it is being used by another process. Dosya şunun tarafından kilitlendi: "Akyildiz.Sevkiyat.WebApi (4712)" [D:\vue\AkyildizSevkiyat\Akyildiz.Sevkiyat.WebApi\Akyildiz.Sevkiyat.WebApi.csproj]
C:\Program Files\dotnet\sdk\10.0.100\Microsoft.Common.CurrentVersion.targets(5080,5): warning MSB3026: "D:\vue\AkyildizSevkiyat\Akyildiz.Sevkiyat.Application\bin\Debug\net10.0\Akyildiz.Sevkiyat.Application.dll", "bin\Debug\net10.0\Akyildiz.Sevkiyat.Application.dll" üzerine kopyalanamadı. 7 numaralı yeniden denemeye 1000 ms içinde başlanacak. The process cannot access the file 'D:\vue\AkyildizSevkiyat\Akyildiz.Sevkiyat.WebApi\bin\Debug\net10.0\Akyildiz.Sevkiyat.Application.dll' because it is being used by another process. Dosya şunun tarafından kilitlendi: "Akyildiz.Sevkiyat.WebApi (4712)" [D:\vue\AkyildizSevkiyat\Akyildiz.Sevkiyat.WebApi\Akyildiz.Sevkiyat.WebApi.csproj]
C:\Program Files\dotnet\sdk\10.0.100\Microsoft.Common.CurrentVersion.targets(5080,5): warning MSB3026: "D:\vue\AkyildizSevkiyat\Akyildiz.Sevkiyat.Infrastructure\bin\Debug\net10.0\Akyildiz.Sevkiyat.Infrastructure.dll", "bin\Debug\net10.0\Akyildiz.Sevkiyat.Infrastructure.dll" üzerine kopyalanamadı. 8 numaralı yeniden denemeye 1000 ms içinde başlanacak. The process cannot access the file 'D:\vue\AkyildizSevkiyat\Akyildiz.Sevkiyat.WebApi\bin\Debug\net10.0\Akyildiz.Sevkiyat.Infrastructure.dll' because it is being used by another process. Dosya şunun tarafından kilitlendi: "Akyildiz.Sevkiyat.WebApi (4712)" [D:\vue\AkyildizSevkiyat\Akyildiz.Sevkiyat.WebApi\Akyildiz.Sevkiyat.WebApi.csproj]
C:\Program Files\dotnet\sdk\10.0.100\Microsoft.Common.CurrentVersion.targets(5080,5): warning MSB3026: "D:\vue\AkyildizSevkiyat\Akyildiz.Sevkiyat.Domain\bin\Debug\net10.0\Akyildiz.Sevkiyat.Domain.dll", "bin\Debug\net10.0\Akyildiz.Sevkiyat.Domain.dll" üzerine kopyalanamadı. 8 numaralı yeniden denemeye 1000 ms içinde başlanacak. The process cannot access the file 'D:\vue\AkyildizSevkiyat\Akyildiz.Sevkiyat.WebApi\bin\Debug\net10.0\Akyildiz.Sevkiyat.Domain.dll' because it is being used by another process. Dosya şunun tarafından kilitlendi: "Akyildiz.Sevkiyat.WebApi (4712)" [D:\vue\AkyildizSevkiyat\Akyildiz.Sevkiyat.WebApi\Akyildiz.Sevkiyat.WebApi.csproj]
C:\Program Files\dotnet\sdk\10.0.100\Microsoft.Common.CurrentVersion.targets(5080,5): warning MSB3026: "D:\vue\AkyildizSevkiyat\Akyildiz.Sevkiyat.Application\bin\Debug\net10.0\Akyildiz.Sevkiyat.Application.dll", "bin\Debug\net10.0\Akyildiz.Sevkiyat.Application.dll" üzerine kopyalanamadı. 8 numaralı yeniden denemeye 1000 ms içinde başlanacak. The process cannot access the file 'D:\vue\AkyildizSevkiyat\Akyildiz.Sevkiyat.WebApi\bin\Debug\net10.0\Akyildiz.Sevkiyat.Application.dll' because it is being used by another process. Dosya şunun tarafından kilitlendi: "Akyildiz.Sevkiyat.WebApi (4712)" [D:\vue\AkyildizSevkiyat\Akyildiz.Sevkiyat.WebApi\Akyildiz.Sevkiyat.WebApi.csproj]
C:\Program Files\dotnet\sdk\10.0.100\Microsoft.Common.CurrentVersion.targets(5080,5): warning MSB3026: "D:\vue\AkyildizSevkiyat\Akyildiz.Sevkiyat.Infrastructure\bin\Debug\net10.0\Akyildiz.Sevkiyat.Infrastructure.dll", "bin\Debug\net10.0\Akyildiz.Sevkiyat.Infrastructure.dll" üzerine kopyalanamadı. 9 numaralı yeniden denemeye 1000 ms içinde başlanacak. The process cannot access the file 'D:\vue\AkyildizSevkiyat\Akyildiz.Sevkiyat.WebApi\bin\Debug\net10.0\Akyildiz.Sevkiyat.Infrastructure.dll' because it is being used by another process. Dosya şunun tarafından kilitlendi: "Akyildiz.Sevkiyat.WebApi (4712)" [D:\vue\AkyildizSevkiyat\Akyildiz.Sevkiyat.WebApi\Akyildiz.Sevkiyat.WebApi.csproj]
C:\Program Files\dotnet\sdk\10.0.100\Microsoft.Common.CurrentVersion.targets(5080,5): warning MSB3026: "D:\vue\AkyildizSevkiyat\Akyildiz.Sevkiyat.Domain\bin\Debug\net10.0\Akyildiz.Sevkiyat.Domain.dll", "bin\Debug\net10.0\Akyildiz.Sevkiyat.Domain.dll" üzerine kopyalanamadı. 9 numaralı yeniden denemeye 1000 ms içinde başlanacak. The process cannot access the file 'D:\vue\AkyildizSevkiyat\Akyildiz.Sevkiyat.WebApi\bin\Debug\net10.0\Akyildiz.Sevkiyat.Domain.dll' because it is being used by another process. Dosya şunun tarafından kilitlendi: "Akyildiz.Sevkiyat.WebApi (4712)" [D:\vue\AkyildizSevkiyat\Akyildiz.Sevkiyat.WebApi\Akyildiz.Sevkiyat.WebApi.csproj]
C:\Program Files\dotnet\sdk\10.0.100\Microsoft.Common.CurrentVersion.targets(5080,5): warning MSB3026: "D:\vue\AkyildizSevkiyat\Akyildiz.Sevkiyat.Application\bin\Debug\net10.0\Akyildiz.Sevkiyat.Application.dll", "bin\Debug\net10.0\Akyildiz.Sevkiyat.Application.dll" üzerine kopyalanamadı. 9 numaralı yeniden denemeye 1000 ms içinde başlanacak. The process cannot access the file 'D:\vue\AkyildizSevkiyat\Akyildiz.Sevkiyat.WebApi\bin\Debug\net10.0\Akyildiz.Sevkiyat.Application.dll' because it is being used by another process. Dosya şunun tarafından kilitlendi: "Akyildiz.Sevkiyat.WebApi (4712)" [D:\vue\AkyildizSevkiyat\Akyildiz.Sevkiyat.WebApi\Akyildiz.Sevkiyat.WebApi.csproj]
C:\Program Files\dotnet\sdk\10.0.100\Microsoft.Common.CurrentVersion.targets(5080,5): warning MSB3026: "D:\vue\AkyildizSevkiyat\Akyildiz.Sevkiyat.Infrastructure\bin\Debug\net10.0\Akyildiz.Sevkiyat.Infrastructure.dll", "bin\Debug\net10.0\Akyildiz.Sevkiyat.Infrastructure.dll" üzerine kopyalanamadı. 10 numaralı yeniden denemeye 1000 ms içinde başlanacak. The process cannot access the file 'D:\vue\AkyildizSevkiyat\Akyildiz.Sevkiyat.WebApi\bin\Debug\net10.0\Akyildiz.Sevkiyat.Infrastructure.dll' because it is being used by another process. Dosya şunun tarafından kilitlendi: "Akyildiz.Sevkiyat.WebApi (4712)" [D:\vue\AkyildizSevkiyat\Akyildiz.Sevkiyat.WebApi\Akyildiz.Sevkiyat.WebApi.csproj]
C:\Program Files\dotnet\sdk\10.0.100\Microsoft.Common.CurrentVersion.targets(5080,5): warning MSB3026: "D:\vue\AkyildizSevkiyat\Akyildiz.Sevkiyat.Application\bin\Debug\net10.0\Akyildiz.Sevkiyat.Application.dll", "bin\Debug\net10.0\Akyildiz.Sevkiyat.Application.dll" üzerine kopyalanamadı. 10 numaralı yeniden denemeye 1000 ms içinde başlanacak. The process cannot access the file 'D:\vue\AkyildizSevkiyat\Akyildiz.Sevkiyat.WebApi\bin\Debug\net10.0\Akyildiz.Sevkiyat.Application.dll' because it is being used by another process. Dosya şunun tarafından kilitlendi: "Akyildiz.Sevkiyat.WebApi (4712)" [D:\vue\AkyildizSevkiyat\Akyildiz.Sevkiyat.WebApi\Akyildiz.Sevkiyat.WebApi.csproj]
C:\Program Files\dotnet\sdk\10.0.100\Microsoft.Common.CurrentVersion.targets(5080,5): warning MSB3026: "D:\vue\AkyildizSevkiyat\Akyildiz.Sevkiyat.Domain\bin\Debug\net10.0\Akyildiz.Sevkiyat.Domain.dll", "bin\Debug\net10.0\Akyildiz.Sevkiyat.Domain.dll" üzerine kopyalanamadı. 10 numaralı yeniden denemeye 1000 ms içinde başlanacak. The process cannot access the file 'D:\vue\AkyildizSevkiyat\Akyildiz.Sevkiyat.WebApi\bin\Debug\net10.0\Akyildiz.Sevkiyat.Domain.dll' because it is being used by another process. Dosya şunun tarafından kilitlendi: "Akyildiz.Sevkiyat.WebApi (4712)" [D:\vue\AkyildizSevkiyat\Akyildiz.Sevkiyat.WebApi\Akyildiz.Sevkiyat.WebApi.csproj]
C:\Program Files\dotnet\sdk\10.0.100\Microsoft.Common.CurrentVersion.targets(5080,5): error MSB3027: "D:\vue\AkyildizSevkiyat\Akyildiz.Sevkiyat.Infrastructure\bin\Debug\net10.0\Akyildiz.Sevkiyat.Infrastructure.dll", "bin\Debug\net10.0\Akyildiz.Sevkiyat.Infrastructure.dll" üzerine kopyalanamadı. 10 yeniden deneme sayısı aşıldı. Başarısız oldu. Dosya şunun tarafından kilitlendi: "Akyildiz.Sevkiyat.WebApi (4712)" [D:\vue\AkyildizSevkiyat\Akyildiz.Sevkiyat.WebApi\Akyildiz.Sevkiyat.WebApi.csproj]
C:\Program Files\dotnet\sdk\10.0.100\Microsoft.Common.CurrentVersion.targets(5080,5): error MSB3021: "D:\vue\AkyildizSevkiyat\Akyildiz.Sevkiyat.Infrastructure\bin\Debug\net10.0\Akyildiz.Sevkiyat.Infrastructure.dll" dosyası "bin\Debug\net10.0\Akyildiz.Sevkiyat.Infrastructure.dll" üzerine kopyalanamıyor. The process cannot access the file 'D:\vue\AkyildizSevkiyat\Akyildiz.Sevkiyat.WebApi\bin\Debug\net10.0\Akyildiz.Sevkiyat.Infrastructure.dll' because it is being used by another process. [D:\vue\AkyildizSevkiyat\Akyildiz.Sevkiyat.WebApi\Akyildiz.Sevkiyat.WebApi.csproj]
C:\Program Files\dotnet\sdk\10.0.100\Microsoft.Common.CurrentVersion.targets(5080,5): error MSB3027: "D:\vue\AkyildizSevkiyat\Akyildiz.Sevkiyat.Application\bin\Debug\net10.0\Akyildiz.Sevkiyat.Application.dll", "bin\Debug\net10.0\Akyildiz.Sevkiyat.Application.dll" üzerine kopyalanamadı. 10 yeniden deneme sayısı aşıldı. Başarısız oldu. Dosya şunun tarafından kilitlendi: "Akyildiz.Sevkiyat.WebApi (4712)" [D:\vue\AkyildizSevkiyat\Akyildiz.Sevkiyat.WebApi\Akyildiz.Sevkiyat.WebApi.csproj]
C:\Program Files\dotnet\sdk\10.0.100\Microsoft.Common.CurrentVersion.targets(5080,5): error MSB3021: "D:\vue\AkyildizSevkiyat\Akyildiz.Sevkiyat.Application\bin\Debug\net10.0\Akyildiz.Sevkiyat.Application.dll" dosyası "bin\Debug\net10.0\Akyildiz.Sevkiyat.Application.dll" üzerine kopyalanamıyor. The process cannot access the file 'D:\vue\AkyildizSevkiyat\Akyildiz.Sevkiyat.WebApi\bin\Debug\net10.0\Akyildiz.Sevkiyat.Application.dll' because it is being used by another process. [D:\vue\AkyildizSevkiyat\Akyildiz.Sevkiyat.WebApi\Akyildiz.Sevkiyat.WebApi.csproj]
C:\Program Files\dotnet\sdk\10.0.100\Microsoft.Common.CurrentVersion.targets(5080,5): error MSB3027: "D:\vue\AkyildizSevkiyat\Akyildiz.Sevkiyat.Domain\bin\Debug\net10.0\Akyildiz.Sevkiyat.Domain.dll", "bin\Debug\net10.0\Akyildiz.Sevkiyat.Domain.dll" üzerine kopyalanamadı. 10 yeniden deneme sayısı aşıldı. Başarısız oldu. Dosya şunun tarafından kilitlendi: "Akyildiz.Sevkiyat.WebApi (4712)" [D:\vue\AkyildizSevkiyat\Akyildiz.Sevkiyat.WebApi\Akyildiz.Sevkiyat.WebApi.csproj]
C:\Program Files\dotnet\sdk\10.0.100\Microsoft.Common.CurrentVersion.targets(5080,5): error MSB3021: "D:\vue\AkyildizSevkiyat\Akyildiz.Sevkiyat.Domain\bin\Debug\net10.0\Akyildiz.Sevkiyat.Domain.dll" dosyası "bin\Debug\net10.0\Akyildiz.Sevkiyat.Domain.dll" üzerine kopyalanamıyor. The process cannot access the file 'D:\vue\AkyildizSevkiyat\Akyildiz.Sevkiyat.WebApi\bin\Debug\net10.0\Akyildiz.Sevkiyat.Domain.dll' because it is being used by another process. [D:\vue\AkyildizSevkiyat\Akyildiz.Sevkiyat.WebApi\Akyildiz.Sevkiyat.WebApi.csproj]
    32 Uyarı
    6 Hata

Geçen Süre 00:00:12.73
